{
  "name": "Tasks",
  "doc": "Playwright template.",
  "source": "D:\\DACN\\Robot Experiment\\RobotPlaywright\\tasks.robot",
  "rpa": true,
  "tests": [
    {
      "name": "Minimal task",
      "lineno": 10,
      "body": [
        {
          "name": "Open Browser",
          "args": ["https://vi.wikipedia.org/wiki/Blog", "chromium"],
          "lineno": 11
        },
        {
          "name": "Get Title",
          "assign": ["${title} ="],
          "lineno": 12
        },
        {
          "name": "Log",
          "args": ["${title}"],
          "lineno": 13
        },
        {
          "type": "IF/ELSE ROOT",
          "body": [
            {
              "type": "IF",
              "condition": "'Example' in '${title}'",
              "body": [
                {
                  "name": "Log",
                  "args": ["The page title contains 'Example'"],
                  "lineno": 15
                },
                {
                  "name": "Click",
                  "args": [
                    "//*[@id=\"mw-content-text\"]/div[1]/table[1]/tbody/tr[2]/th/a"
                  ],
                  "lineno": 16
                }
              ],
              "lineno": 14
            },
            {
              "type": "ELSE",
              "body": [
                {
                  "name": "Log",
                  "args": ["The page title does not contain 'Example'"],
                  "lineno": 18
                },
                {
                  "name": "Click",
                  "args": ["//*[@id=\"ca-talk\"]/a"],
                  "lineno": 19
                }
              ],
              "lineno": 17
            }
          ],
          "lineno": 14
        },
        {
          "name": "Close Browser",
          "lineno": 21
        }
      ]
    }
  ],
  "resource": {
    "imports": [
      {
        "type": "LIBRARY",
        "name": "RPA.Browser.Playwright",
        "lineno": 4
      },
      {
        "type": "LIBRARY",
        "name": "RPA.FTP",
        "lineno": 5
      },
      {
        "type": "LIBRARY",
        "name": "RPA.Smartsheet",
        "lineno": 6
      }
    ]
  }
}
