IF: Gateway_0uqg7tr
	[Empty]
ELSE:
	Activity_0pkjxtm - Open Browser

Activity_1536xo5 - Get Title Assign to ${title}
Activity_012ckfs - Close Browser