BlankBlock: Activity_1pjcvad
	Activity_0pkjxtm - Open Browser
	Activity_1536xo5 - Get Title Assign to ${title}
	Activity_012ckfs - Close Browser